src/App.vue(66,53): error TS2339: Property 'getUserProfile' does not exist on type 'Store<"userProfile", { current: any; oms: any; permissions: any; localeOptions: any; locale: string; timeZones: never[]; deviceId: string; uiFilters: any; pwaState: { updateExists: boolean; registration: any; }; }, {}, {}>'.
src/App.vue(73,42): error TS2551: Property 'hasPermission' does not exist on type 'Store<"userProfile", { current: any; oms: any; permissions: any; localeOptions: any; locale: string; timeZones: never[]; deviceId: string; uiFilters: any; pwaState: { updateExists: boolean; registration: any; }; }, {}, {}>'. Did you mean 'permissions'?
src/App.vue(106,41): error TS2551: Property 'getCurrentProductStore' does not exist on type 'Store<"productStore", { productStores: any[]; currentProductStore: any; statusDesc: any[]; facilities: any[]; currentFacility: any; settings: any; }, {}, {}>'. Did you mean 'currentProductStore'?
src/App.vue(108,8): error TS2339: Property 'getDxpIdentificationPref' does not exist on type 'Store<"productStore", { productStores: any[]; currentProductStore: any; statusDesc: any[]; facilities: any[]; currentFacility: any; settings: any; }, {}, {}>'.
src/App.vue(108,51): error TS2551: Property 'getCurrentProductStore' does not exist on type 'Store<"productStore", { productStores: any[]; currentProductStore: any; statusDesc: any[]; facilities: any[]; currentFacility: any; settings: any; }, {}, {}>'. Did you mean 'currentProductStore'?
src/App.vue(134,55): error TS2551: Property 'hasPermission' does not exist on type 'Store<"userProfile", { current: any; oms: any; permissions: any; localeOptions: any; locale: string; timeZones: never[]; deviceId: string; uiFilters: any; pwaState: { updateExists: boolean; registration: any; }; }, {}, {}>'. Did you mean 'permissions'?
src/components/CameraScanner.vue(273,20): error TS2352: Conversion of type '{ advanced: { torch: boolean; }[]; }' to type 'MediaTrackConstraints' may be a mistake because neither type sufficiently overlaps with the other. If this was intentional, convert the expression to 'unknown' first.
  Types of property 'advanced' are incompatible.
    Type '{ torch: boolean; }[]' is not comparable to type 'MediaTrackConstraintSet[]'.
      Object literal may only specify known properties, and 'torch' does not exist in type 'MediaTrackConstraintSet'.
src/components/DxpAppVersionInfo.vue(23,53): error TS2339: Property 'getUserProfile' does not exist on type 'Store<"userProfile", { current: any; oms: any; permissions: any; localeOptions: any; locale: string; timeZones: never[]; deviceId: string; uiFilters: any; pwaState: { updateExists: boolean; registration: any; }; }, {}, {}>'.
src/components/DxpAppVersionInfo.vue(24,50): error TS2551: Property 'getPwaState' does not exist on type 'Store<"userProfile", { current: any; oms: any; permissions: any; localeOptions: any; locale: string; timeZones: never[]; deviceId: string; uiFilters: any; pwaState: { updateExists: boolean; registration: any; }; }, {}, {}>'. Did you mean 'pwaState'?
src/components/DxpAppVersionInfo.vue(27,20): error TS2339: Property 'updatePwaState' does not exist on type 'Store<"userProfile", { current: any; oms: any; permissions: any; localeOptions: any; locale: string; timeZones: never[]; deviceId: string; uiFilters: any; pwaState: { updateExists: boolean; registration: any; }; }, {}, {}>'.
src/components/FacilitySwitcher.vue(82,48): error TS2551: Property 'getFacilities' does not exist on type 'Store<"productStore", { productStores: any[]; currentProductStore: any; statusDesc: any[]; facilities: any[]; currentFacility: any; settings: any; }, {}, {}>'. Did you mean 'facilities'?
src/components/FacilitySwitcher.vue(83,53): error TS2551: Property 'getCurrentFacility' does not exist on type 'Store<"productStore", { productStores: any[]; currentProductStore: any; statusDesc: any[]; facilities: any[]; currentFacility: any; settings: any; }, {}, {}>'. Did you mean 'currentFacility'?
src/components/FacilitySwitcher.vue(132,22): error TS2339: Property 'setFacilityPreference' does not exist on type 'Store<"productStore", { productStores: any[]; currentProductStore: any; statusDesc: any[]; facilities: any[]; currentFacility: any; settings: any; }, {}, {}>'.
src/components/TimeZoneSwitcher.vue(124,58): error TS2339: Property 'getUserProfile' does not exist on type 'Store<"userProfile", { current: any; oms: any; permissions: any; localeOptions: any; locale: string; timeZones: never[]; deviceId: string; uiFilters: any; pwaState: { updateExists: boolean; registration: any; }; }, {}, {}>'.
src/components/TimeZoneSwitcher.vue(125,51): error TS2551: Property 'getTimeZones' does not exist on type 'Store<"userProfile", { current: any; oms: any; permissions: any; localeOptions: any; locale: string; timeZones: never[]; deviceId: string; uiFilters: any; pwaState: { updateExists: boolean; registration: any; }; }, {}, {}>'. Did you mean 'timeZones'?
src/components/TimeZoneSwitcher.vue(161,26): error TS2339: Property 'getDxpAvailableTimeZones' does not exist on type 'Store<"userProfile", { current: any; oms: any; permissions: any; localeOptions: any; locale: string; timeZones: never[]; deviceId: string; uiFilters: any; pwaState: { updateExists: boolean; registration: any; }; }, {}, {}>'.
src/components/TimeZoneSwitcher.vue(173,28): error TS2339: Property 'setDxpUserTimeZone' does not exist on type 'Store<"userProfile", { current: any; oms: any; permissions: any; localeOptions: any; locale: string; timeZones: never[]; deviceId: string; uiFilters: any; pwaState: { updateExists: boolean; registration: any; }; }, {}, {}>'.
src/composables/useAgentControl.ts(314,69): error TS2339: Property 'getUserProfile' does not exist on type 'Store<"userProfile", { current: any; oms: any; permissions: any; localeOptions: any; locale: string; timeZones: never[]; deviceId: string; uiFilters: any; pwaState: { updateExists: boolean; registration: any; }; }, {}, {}>'.
src/composables/useAgentControl.ts(343,69): error TS2339: Property 'getUserProfile' does not exist on type 'Store<"userProfile", { current: any; oms: any; permissions: any; localeOptions: any; locale: string; timeZones: never[]; deviceId: string; uiFilters: any; pwaState: { updateExists: boolean; registration: any; }; }, {}, {}>'.
src/composables/useAgentControl.ts(370,69): error TS2339: Property 'getUserProfile' does not exist on type 'Store<"userProfile", { current: any; oms: any; permissions: any; localeOptions: any; locale: string; timeZones: never[]; deviceId: string; uiFilters: any; pwaState: { updateExists: boolean; registration: any; }; }, {}, {}>'.
src/composables/useDiagnostics.ts(42,33): error TS2551: Property 'getDeviceId' does not exist on type 'Store<"userProfile", { current: any; oms: any; permissions: any; localeOptions: any; locale: string; timeZones: never[]; deviceId: string; uiFilters: any; pwaState: { updateExists: boolean; registration: any; }; }, {}, {}>'. Did you mean 'deviceId'?
src/composables/useDiagnostics.ts(75,36): error TS2339: Property 'getBarcodeIdentificationPref' does not exist on type 'Store<"productStore", { productStores: any[]; currentProductStore: any; statusDesc: any[]; facilities: any[]; currentFacility: any; settings: any; }, {}, {}>'.
src/composables/useDiagnostics.ts(77,36): error TS2339: Property 'getProductIdentificationPref' does not exist on type 'Store<"productStore", { productStores: any[]; currentProductStore: any; statusDesc: any[]; facilities: any[]; currentFacility: any; settings: any; }, {}, {}>'.
src/composables/useDiagnostics.ts(81,33): error TS2339: Property 'getUserPermissions' does not exist on type 'Store<"userProfile", { current: any; oms: any; permissions: any; localeOptions: any; locale: string; timeZones: never[]; deviceId: string; uiFilters: any; pwaState: { updateExists: boolean; registration: any; }; }, {}, {}>'.
src/composables/useInventoryCountImport.ts(48,44): error TS2551: Property 'getCurrentFacility' does not exist on type 'Store<"productStore", { productStores: any[]; currentProductStore: any; statusDesc: any[]; facilities: any[]; currentFacility: any; settings: any; }, {}, {}>'. Did you mean 'currentFacility'?
src/composables/useInventoryCountRun.ts(14,25): error TS2339: Property 'setStatusDescriptions' does not exist on type 'Store<"productStore", { productStores: any[]; currentProductStore: any; statusDesc: any[]; facilities: any[]; currentFacility: any; settings: any; }, {}, {}>'.
src/composables/useInventoryCountRun.ts(17,25): error TS2339: Property 'setStatusDescriptions' does not exist on type 'Store<"productStore", { productStores: any[]; currentProductStore: any; statusDesc: any[]; facilities: any[]; currentFacility: any; settings: any; }, {}, {}>'.
src/composables/useInventoryCountRun.ts(21,23): error TS2339: Property 'setStatusDescriptions' does not exist on type 'Store<"productStore", { productStores: any[]; currentProductStore: any; statusDesc: any[]; facilities: any[]; currentFacility: any; settings: any; }, {}, {}>'.
src/composables/useProductMaster.ts(333,34): error TS2339: Property 'getPrimaryId' does not exist on type 'Store<"productStore", { productStores: any[]; currentProductStore: any; statusDesc: any[]; facilities: any[]; currentFacility: any; settings: any; }, {}, {}>'.
src/composables/useProductMaster.ts(361,34): error TS2339: Property 'getSecondaryId' does not exist on type 'Store<"productStore", { productStores: any[]; currentProductStore: any; statusDesc: any[]; facilities: any[]; currentFacility: any; settings: any; }, {}, {}>'.
src/main.ts(42,33): error TS2345: Argument of type '(context: PiniaPluginContext<string, StateTree, _GettersTree<StateTree>, _ActionsTree>) => void' is not assignable to parameter of type 'PiniaPlugin'.
  Types of parameters 'context' and 'context' are incompatible.
    Type 'import("/home/rakshit/sandbox/accxui/node_modules/.pnpm/pinia@3.0.4_typescript@6.0.2_vue@3.5.30_typescript@6.0.2_/node_modules/pinia/dist/pinia").PiniaPluginContext<string, import("/home/rakshit/sandbox/accxui/node_modules/.pnpm/pinia@3.0.4_typescript@6.0.2_vue@3.5.30_typescript@6.0.2_/node_modules/pinia/dist/pinia"...' is not assignable to type 'import("/home/rakshit/sandbox/accxui/node_modules/.pnpm/pinia@3.0.4_typescript@5.9.3_vue@3.5.30_typescript@5.9.3_/node_modules/pinia/dist/pinia").PiniaPluginContext<string, import("/home/rakshit/sandbox/accxui/node_modules/.pnpm/pinia@3.0.4_typescript@5.9.3_vue@3.5.30_typescript@5.9.3_/node_modules/pinia/dist/pinia"...'.
      Types of property 'store' are incompatible.
        Type 'import("/home/rakshit/sandbox/accxui/node_modules/.pnpm/pinia@3.0.4_typescript@6.0.2_vue@3.5.30_typescript@6.0.2_/node_modules/pinia/dist/pinia").Store<string, import("/home/rakshit/sandbox/accxui/node_modules/.pnpm/pinia@3.0.4_typescript@6.0.2_vue@3.5.30_typescript@6.0.2_/node_modules/pinia/dist/pinia").StateTree, ...' is not assignable to type 'import("/home/rakshit/sandbox/accxui/node_modules/.pnpm/pinia@3.0.4_typescript@5.9.3_vue@3.5.30_typescript@5.9.3_/node_modules/pinia/dist/pinia").Store<string, import("/home/rakshit/sandbox/accxui/node_modules/.pnpm/pinia@3.0.4_typescript@5.9.3_vue@3.5.30_typescript@5.9.3_/node_modules/pinia/dist/pinia").StateTree, ...'.
          Type 'Store<string, StateTree, _GettersTree<StateTree>, _ActionsTree>' is not assignable to type '_StoreWithState<string, StateTree, _GettersTree<StateTree>, _ActionsTree>'.
            Types of property '$onAction' are incompatible.
              Type '(callback: import("/home/rakshit/sandbox/accxui/node_modules/.pnpm/pinia@3.0.4_typescript@6.0.2_vue@3.5.30_typescript@6.0.2_/node_modules/pinia/dist/pinia").StoreOnActionListener<string, import("/home/rakshit/sandbox/accxui/node_modules/.pnpm/pinia@3.0.4_typescript@6.0.2_vue@3.5.30_typescript@6.0.2_/node_modules/pin...' is not assignable to type '(callback: import("/home/rakshit/sandbox/accxui/node_modules/.pnpm/pinia@3.0.4_typescript@5.9.3_vue@3.5.30_typescript@5.9.3_/node_modules/pinia/dist/pinia").StoreOnActionListener<string, import("/home/rakshit/sandbox/accxui/node_modules/.pnpm/pinia@3.0.4_typescript@5.9.3_vue@3.5.30_typescript@5.9.3_/node_modules/pin...'.
                Types of parameters 'callback' and 'callback' are incompatible.
                  Types of parameters 'context' and 'context' are incompatible.
                    Type 'import("/home/rakshit/sandbox/accxui/node_modules/.pnpm/pinia@3.0.4_typescript@6.0.2_vue@3.5.30_typescript@6.0.2_/node_modules/pinia/dist/pinia")._StoreOnActionListenerContext<import("/home/rakshit/sandbox/accxui/node_modules/.pnpm/pinia@3.0.4_typescript@6.0.2_vue@3.5.30_typescript@6.0.2_/node_modules/pinia/dist/pin...' is not assignable to type 'import("/home/rakshit/sandbox/accxui/node_modules/.pnpm/pinia@3.0.4_typescript@5.9.3_vue@3.5.30_typescript@5.9.3_/node_modules/pinia/dist/pinia")._StoreOnActionListenerContext<import("/home/rakshit/sandbox/accxui/node_modules/.pnpm/pinia@3.0.4_typescript@5.9.3_vue@3.5.30_typescript@5.9.3_/node_modules/pinia/dist/pin...'.
                      Types of property 'store' are incompatible.
                        Type 'import("/home/rakshit/sandbox/accxui/node_modules/.pnpm/pinia@3.0.4_typescript@6.0.2_vue@3.5.30_typescript@6.0.2_/node_modules/pinia/dist/pinia").StoreGeneric' is not assignable to type 'import("/home/rakshit/sandbox/accxui/node_modules/.pnpm/pinia@3.0.4_typescript@5.9.3_vue@3.5.30_typescript@5.9.3_/node_modules/pinia/dist/pinia").StoreGeneric'.
                          Type '_StoreWithState<string, StateTree, _GettersTree<StateTree>, _ActionsTree> & StateTree & _StoreWithGetters_Readonly<...> & _StoreWithGetters_Writable<...> & PiniaCustomProperties<...> & PiniaCustomStateProperties<...>' is missing the following properties from type 'PiniaCustomProperties<string, StateTree, _GettersTree<StateTree>, _ActionsTree>': $hydrate, $persist
src/main.ts(56,31): error TS2339: Property 'postLogin' does not exist on type 'Store<"userProfile", { current: any; oms: any; permissions: any; localeOptions: any; locale: string; timeZones: never[]; deviceId: string; uiFilters: any; pwaState: { updateExists: boolean; registration: any; }; }, {}, {}>'.
src/main.ts(57,32): error TS2339: Property 'postLogout' does not exist on type 'Store<"userProfile", { current: any; oms: any; permissions: any; localeOptions: any; locale: string; timeZones: never[]; deviceId: string; uiFilters: any; pwaState: { updateExists: boolean; registration: any; }; }, {}, {}>'.
src/main.ts(59,29): error TS2339: Property 'getUserProfile' does not exist on type 'Store<"userProfile", { current: any; oms: any; permissions: any; localeOptions: any; locale: string; timeZones: never[]; deviceId: string; uiFilters: any; pwaState: { updateExists: boolean; registration: any; }; }, {}, {}>'.
src/main.ts(62,22): error TS2339: Property 'setUserProfile' does not exist on type 'Store<"userProfile", { current: any; oms: any; permissions: any; localeOptions: any; locale: string; timeZones: never[]; deviceId: string; uiFilters: any; pwaState: { updateExists: boolean; registration: any; }; }, {}, {}>'.
src/main.ts(68,22): error TS2339: Property 'setOms' does not exist on type 'Store<"userProfile", { current: any; oms: any; permissions: any; localeOptions: any; locale: string; timeZones: never[]; deviceId: string; uiFilters: any; pwaState: { updateExists: boolean; registration: any; }; }, {}, {}>'.
src/main.ts(83,42): error TS2339: Property 'getUserProfile' does not exist on type 'Store<"userProfile", { current: any; oms: any; permissions: any; localeOptions: any; locale: string; timeZones: never[]; deviceId: string; uiFilters: any; pwaState: { updateExists: boolean; registration: any; }; }, {}, {}>'.
src/router/index.ts(46,28): error TS2551: Property 'hasPermission' does not exist on type 'Store<"userProfile", { current: any; oms: any; permissions: any; localeOptions: any; locale: string; timeZones: never[]; deviceId: string; uiFilters: any; pwaState: { updateExists: boolean; registration: any; }; }, {}, {}>'. Did you mean 'permissions'?
src/router/index.ts(245,49): error TS2551: Property 'hasPermission' does not exist on type 'Store<"userProfile", { current: any; oms: any; permissions: any; localeOptions: any; locale: string; timeZones: never[]; deviceId: string; uiFilters: any; pwaState: { updateExists: boolean; registration: any; }; }, {}, {}>'. Did you mean 'permissions'?
src/router/index.ts(249,28): error TS2551: Property 'hasPermission' does not exist on type 'Store<"userProfile", { current: any; oms: any; permissions: any; localeOptions: any; locale: string; timeZones: never[]; deviceId: string; uiFilters: any; pwaState: { updateExists: boolean; registration: any; }; }, {}, {}>'. Did you mean 'permissions'?
src/services/appInitializer.ts(43,40): error TS2551: Property 'getCurrentFacility' does not exist on type 'Store<"productStore", { productStores: any[]; currentProductStore: any; statusDesc: any[]; facilities: any[]; currentFacility: any; settings: any; }, {}, {}>'. Did you mean 'currentFacility'?
src/services/appInitializer.ts(68,20): error TS2551: Property 'setDeviceId' does not exist on type 'Store<"userProfile", { current: any; oms: any; permissions: any; localeOptions: any; locale: string; timeZones: never[]; deviceId: string; uiFilters: any; pwaState: { updateExists: boolean; registration: any; }; }, {}, {}>'. Did you mean 'deviceId'?
src/services/utils.ts(18,20): error TS2551: Property 'setDeviceId' does not exist on type 'Store<"userProfile", { current: any; oms: any; permissions: any; localeOptions: any; locale: string; timeZones: never[]; deviceId: string; uiFilters: any; pwaState: { updateExists: boolean; registration: any; }; }, {}, {}>'. Did you mean 'deviceId'?
src/stores/productStore.ts(7,32): error TS2769: No overload matches this call.
  Overload 1 of 2, '(id: "productStore", options: Omit<DefineStoreOptions<"productStore", { productStores: any[]; currentProductStore: any; statusDesc: any[]; facilities: any[]; currentFacility: any; settings: any; }, { getCurrentProductStore: (state: { ...; } & PiniaCustomStateProperties<...>) => any; ... 12 more ...; getSecondaryId: (state: { ...; } & PiniaCustomStateProperties<...>) => any; }, { ...; }>, "id">): StoreDefinition<...>', gave the following error.
    Object literal may only specify known properties, and 'persist' does not exist in type 'Omit<DefineStoreOptions<"productStore", { productStores: any[]; currentProductStore: any; statusDesc: any[]; facilities: any[]; currentFacility: any; settings: any; }, { getCurrentProductStore: (state: { productStores: any[]; ... 4 more ...; settings: any; } & PiniaCustomStateProperties<...>) => any; ... 12 more ......'.
  Overload 2 of 2, '(id: "productStore", storeSetup: (helpers: SetupStoreHelpers) => unknown, options?: DefineSetupStoreOptions<"productStore", Pick<unknown, never>, Pick<unknown, never>, Pick<unknown, never>> | undefined): StoreDefinition<...>', gave the following error.
    Object literal may only specify known properties, and 'state' does not exist in type '(helpers: SetupStoreHelpers) => unknown'.
src/stores/productStore.ts(93,22): error TS2339: Property 'createProductIdentificationPref' does not exist on type '{ productStores: any[]; currentProductStore: any; statusDesc: any[]; facilities: any[]; currentFacility: any; settings: any; } & _StoreWithState<"productStore", { productStores: any[]; currentProductStore: any; statusDesc: any[]; facilities: any[]; currentFacility: any; settings: any; }, {}, {}> & _StoreWithGetters_...'.
src/stores/productStore.ts(123,33): error TS2339: Property 'getUserProfile' does not exist on type 'Store<"userProfile", { current: any; oms: any; permissions: any; localeOptions: any; locale: string; timeZones: never[]; deviceId: string; uiFilters: any; pwaState: { updateExists: boolean; registration: any; }; }, {}, {}>'.
src/stores/productStore.ts(124,37): error TS2551: Property 'hasPermission' does not exist on type 'Store<"userProfile", { current: any; oms: any; permissions: any; localeOptions: any; locale: string; timeZones: never[]; deviceId: string; uiFilters: any; pwaState: { updateExists: boolean; registration: any; }; }, {}, {}>'. Did you mean 'permissions'?
src/stores/productStore.ts(193,45): error TS2339: Property 'fetchShopifyShopLocation' does not exist on type '{ productStores: any[]; currentProductStore: any; statusDesc: any[]; facilities: any[]; currentFacility: any; settings: any; } & _StoreWithState<"productStore", { productStores: any[]; currentProductStore: any; statusDesc: any[]; facilities: any[]; currentFacility: any; settings: any; }, {}, {}> & _StoreWithGetters_...'.
src/stores/productStore.ts(243,14): error TS2551: Property 'setCurrentFacility' does not exist on type '{ productStores: any[]; currentProductStore: any; statusDesc: any[]; facilities: any[]; currentFacility: any; settings: any; } & _StoreWithState<"productStore", { productStores: any[]; currentProductStore: any; statusDesc: any[]; facilities: any[]; currentFacility: any; settings: any; }, {}, {}> & _StoreWithGetters_...'. Did you mean 'currentFacility'?
src/stores/productStore.ts(252,46): error TS2551: Property 'hasPermission' does not exist on type 'Store<"userProfile", { current: any; oms: any; permissions: any; localeOptions: any; locale: string; timeZones: never[]; deviceId: string; uiFilters: any; pwaState: { updateExists: boolean; registration: any; }; }, {}, {}>'. Did you mean 'permissions'?
src/stores/productStore.ts(363,29): error TS2339: Property 'getProductIdentificationPref' does not exist on type '{ productStores: any[]; currentProductStore: any; statusDesc: any[]; facilities: any[]; currentFacility: any; settings: any; } & _StoreWithState<"productStore", { productStores: any[]; currentProductStore: any; statusDesc: any[]; facilities: any[]; currentFacility: any; settings: any; }, {}, {}> & _StoreWithGetters_...'.
src/stores/productStore.ts(372,80): error TS2339: Property 'saveProductIdentificationPref' does not exist on type '{ productStores: any[]; currentProductStore: any; statusDesc: any[]; facilities: any[]; currentFacility: any; settings: any; } & _StoreWithState<"productStore", { productStores: any[]; currentProductStore: any; statusDesc: any[]; facilities: any[]; currentFacility: any; settings: any; }, {}, {}> & _StoreWithGetters_...'.
src/stores/productStore.ts(389,78): error TS2339: Property 'fetchProductIdentificationPref' does not exist on type '{ productStores: any[]; currentProductStore: any; statusDesc: any[]; facilities: any[]; currentFacility: any; settings: any; } & _StoreWithState<"productStore", { productStores: any[]; currentProductStore: any; statusDesc: any[]; facilities: any[]; currentFacility: any; settings: any; }, {}, {}> & _StoreWithGetters_...'.
src/stores/productStore.ts(403,57): error TS2339: Property 'fetchGoodIdentificationTypes' does not exist on type '{ productStores: any[]; currentProductStore: any; statusDesc: any[]; facilities: any[]; currentFacility: any; settings: any; } & _StoreWithState<"productStore", { productStores: any[]; currentProductStore: any; statusDesc: any[]; facilities: any[]; currentFacility: any; settings: any; }, {}, {}> & _StoreWithGetters_...'.
src/stores/productStore.ts(503,55): error TS2339: Property 'getProductIdentifications' does not exist on type '{ productStores: any[]; currentProductStore: any; statusDesc: any[]; facilities: any[]; currentFacility: any; settings: any; } & _StoreWithState<"productStore", { productStores: any[]; currentProductStore: any; statusDesc: any[]; facilities: any[]; currentFacility: any; settings: any; }, {}, {}> & _StoreWithGetters_...'.
src/stores/productStore.ts(537,35): error TS2339: Property 'fetchShopifyShopLocation' does not exist on type '{ productStores: any[]; currentProductStore: any; statusDesc: any[]; facilities: any[]; currentFacility: any; settings: any; } & _StoreWithState<"productStore", { productStores: any[]; currentProductStore: any; statusDesc: any[]; facilities: any[]; currentFacility: any; settings: any; }, {}, {}> & _StoreWithGetters_...'.
src/stores/productStore.ts(564,18): error TS2551: Property 'setCurrentFacility' does not exist on type '{ productStores: any[]; currentProductStore: any; statusDesc: any[]; facilities: any[]; currentFacility: any; settings: any; } & _StoreWithState<"productStore", { productStores: any[]; currentProductStore: any; statusDesc: any[]; facilities: any[]; currentFacility: any; settings: any; }, {}, {}> & _StoreWithGetters_...'. Did you mean 'currentFacility'?
src/stores/productStore.ts(577,44): error TS2339: Property 'getUserProfile' does not exist on type 'Store<"userProfile", { current: any; oms: any; permissions: any; localeOptions: any; locale: string; timeZones: never[]; deviceId: string; uiFilters: any; pwaState: { updateExists: boolean; registration: any; }; }, {}, {}>'.
src/stores/productStore.ts(579,32): error TS2339: Property 'setUserPreference' does not exist on type 'Store<"userProfile", { current: any; oms: any; permissions: any; localeOptions: any; locale: string; timeZones: never[]; deviceId: string; uiFilters: any; pwaState: { updateExists: boolean; registration: any; }; }, {}, {}>'.
src/stores/userProfileStore.ts(7,31): error TS2769: No overload matches this call.
  Overload 1 of 2, '(id: "userProfile", options: Omit<DefineStoreOptions<"userProfile", { current: any; oms: any; permissions: any; localeOptions: any; locale: string; timeZones: never[]; deviceId: string; uiFilters: any; pwaState: { updateExists: boolean; registration: any; }; }, { ...; }, { ...; }>, "id">): StoreDefinition<...>', gave the following error.
    Object literal may only specify known properties, and 'persist' does not exist in type 'Omit<DefineStoreOptions<"userProfile", { current: any; oms: any; permissions: any; localeOptions: any; locale: string; timeZones: never[]; deviceId: string; uiFilters: any; pwaState: { updateExists: boolean; registration: any; }; }, { ...; }, { ...; }>, "id">'.
  Overload 2 of 2, '(id: "userProfile", storeSetup: (helpers: SetupStoreHelpers) => unknown, options?: DefineSetupStoreOptions<"userProfile", Pick<unknown, never>, Pick<unknown, never>, Pick<unknown, never>> | undefined): StoreDefinition<...>', gave the following error.
    Object literal may only specify known properties, and 'state' does not exist in type '(helpers: SetupStoreHelpers) => unknown'.
src/stores/userProfileStore.ts(78,62): error TS2551: Property 'hasPermission' does not exist on type 'Store<"userProfile", { current: any; oms: any; permissions: any; localeOptions: any; locale: string; timeZones: never[]; deviceId: string; uiFilters: any; pwaState: { updateExists: boolean; registration: any; }; }, {}, {}>'. Did you mean 'permissions'?
src/stores/userProfileStore.ts(83,63): error TS2551: Property 'hasPermission' does not exist on type 'Store<"userProfile", { current: any; oms: any; permissions: any; localeOptions: any; locale: string; timeZones: never[]; deviceId: string; uiFilters: any; pwaState: { updateExists: boolean; registration: any; }; }, {}, {}>'. Did you mean 'permissions'?
src/stores/userProfileStore.ts(123,46): error TS2339: Property 'getUserProfile' does not exist on type 'Store<"userProfile", { current: any; oms: any; permissions: any; localeOptions: any; locale: string; timeZones: never[]; deviceId: string; uiFilters: any; pwaState: { updateExists: boolean; registration: any; }; }, {}, {}>'.
src/stores/userProfileStore.ts(210,20): error TS2339: Property 'fetchUserProfile' does not exist on type '{ current: any; oms: any; permissions: any; localeOptions: any; locale: string; timeZones: never[]; deviceId: string; uiFilters: any; pwaState: { updateExists: boolean; registration: any; }; } & _StoreWithState<"userProfile", { ...; }, {}, {}> & _StoreWithGetters_Readonly<...> & _StoreWithGetters_Writable<...> & Pin...'.
src/stores/userProfileStore.ts(211,20): error TS2551: Property 'fetchPermissions' does not exist on type '{ current: any; oms: any; permissions: any; localeOptions: any; locale: string; timeZones: never[]; deviceId: string; uiFilters: any; pwaState: { updateExists: boolean; registration: any; }; } & _StoreWithState<"userProfile", { ...; }, {}, {}> & _StoreWithGetters_Readonly<...> & _StoreWithGetters_Writable<...> & Pin...'. Did you mean 'permissions'?
src/stores/userProfileStore.ts(219,28): error TS2339: Property 'fetchUserFacilities' does not exist on type 'Store<"productStore", { productStores: any[]; currentProductStore: any; statusDesc: any[]; facilities: any[]; currentFacility: any; settings: any; }, {}, {}>'.
src/stores/userProfileStore.ts(220,28): error TS2339: Property 'fetchFacilityPreference' does not exist on type 'Store<"productStore", { productStores: any[]; currentProductStore: any; statusDesc: any[]; facilities: any[]; currentFacility: any; settings: any; }, {}, {}>'.
src/stores/userProfileStore.ts(222,28): error TS2551: Property 'fetchProductStores' does not exist on type 'Store<"productStore", { productStores: any[]; currentProductStore: any; statusDesc: any[]; facilities: any[]; currentFacility: any; settings: any; }, {}, {}>'. Did you mean 'productStores'?
src/stores/userProfileStore.ts(223,28): error TS2339: Property 'fetchProductStorePreference' does not exist on type 'Store<"productStore", { productStores: any[]; currentProductStore: any; statusDesc: any[]; facilities: any[]; currentFacility: any; settings: any; }, {}, {}>'.
src/stores/userProfileStore.ts(225,28): error TS2339: Property 'getProductIdentifierSettings' does not exist on type 'Store<"productStore", { productStores: any[]; currentProductStore: any; statusDesc: any[]; facilities: any[]; currentFacility: any; settings: any; }, {}, {}>'.
src/stores/userProfileStore.ts(226,28): error TS2551: Property 'getSettings' does not exist on type 'Store<"productStore", { productStores: any[]; currentProductStore: any; statusDesc: any[]; facilities: any[]; currentFacility: any; settings: any; }, {}, {}>'. Did you mean 'settings'?
src/stores/userProfileStore.ts(226,53): error TS2551: Property 'getCurrentProductStore' does not exist on type 'Store<"productStore", { productStores: any[]; currentProductStore: any; statusDesc: any[]; facilities: any[]; currentFacility: any; settings: any; }, {}, {}>'. Did you mean 'currentProductStore'?
src/stores/userProfileStore.ts(227,28): error TS2339: Property 'prepareProductIdentifierOptions' does not exist on type 'Store<"productStore", { productStores: any[]; currentProductStore: any; statusDesc: any[]; facilities: any[]; currentFacility: any; settings: any; }, {}, {}>'.
src/views/Assigned.vue(70,169): error TS2339: Property 'getStatusDescription' does not exist on type 'Store<"productStore", { productStores: any[]; currentProductStore: any; statusDesc: any[]; facilities: any[]; currentFacility: any; settings: any; }, {}, {}>'.
src/views/Assigned.vue(180,15): error TS2339: Property 'updateUiFilter' does not exist on type 'Store<"userProfile", { current: any; oms: any; permissions: any; localeOptions: any; locale: string; timeZones: never[]; deviceId: string; uiFilters: any; pwaState: { updateExists: boolean; registration: any; }; }, {}, {}>'.
src/views/Assigned.vue(188,44): error TS2339: Property 'getListPageFilters' does not exist on type 'Store<"userProfile", { current: any; oms: any; permissions: any; localeOptions: any; locale: string; timeZones: never[]; deviceId: string; uiFilters: any; pwaState: { updateExists: boolean; registration: any; }; }, {}, {}>'.
src/views/Assigned.vue(203,48): error TS2551: Property 'getFacilities' does not exist on type 'Store<"productStore", { productStores: any[]; currentProductStore: any; statusDesc: any[]; facilities: any[]; currentFacility: any; settings: any; }, {}, {}>'. Did you mean 'facilities'?
src/views/Assigned.vue(356,15): error TS2339: Property 'updateUiFilter' does not exist on type 'Store<"userProfile", { current: any; oms: any; permissions: any; localeOptions: any; locale: string; timeZones: never[]; deviceId: string; uiFilters: any; pwaState: { updateExists: boolean; registration: any; }; }, {}, {}>'.
src/views/Assigned.vue(364,46): error TS2551: Property 'getFacilities' does not exist on type 'Store<"productStore", { productStores: any[]; currentProductStore: any; statusDesc: any[]; facilities: any[]; currentFacility: any; settings: any; }, {}, {}>'. Did you mean 'facilities'?
src/views/AssignedDetail.vue(98,42): error TS2339: Property 'getDetailPageFilters' does not exist on type 'Store<"userProfile", { current: any; oms: any; permissions: any; localeOptions: any; locale: string; timeZones: never[]; deviceId: string; uiFilters: any; pwaState: { updateExists: boolean; registration: any; }; }, {}, {}>'.
src/views/AssignedDetail.vue(250,53): error TS2551: Property 'getFacilities' does not exist on type 'Store<"productStore", { productStores: any[]; currentProductStore: any; statusDesc: any[]; facilities: any[]; currentFacility: any; settings: any; }, {}, {}>'. Did you mean 'facilities'?
src/views/Closed.vue(150,44): error TS2339: Property 'getListPageFilters' does not exist on type 'Store<"userProfile", { current: any; oms: any; permissions: any; localeOptions: any; locale: string; timeZones: never[]; deviceId: string; uiFilters: any; pwaState: { updateExists: boolean; registration: any; }; }, {}, {}>'.
src/views/Closed.vue(166,48): error TS2551: Property 'getFacilities' does not exist on type 'Store<"productStore", { productStores: any[]; currentProductStore: any; statusDesc: any[]; facilities: any[]; currentFacility: any; settings: any; }, {}, {}>'. Did you mean 'facilities'?
src/views/Closed.vue(290,46): error TS2551: Property 'getFacilities' does not exist on type 'Store<"productStore", { productStores: any[]; currentProductStore: any; statusDesc: any[]; facilities: any[]; currentFacility: any; settings: any; }, {}, {}>'. Did you mean 'facilities'?
src/views/Closed.vue(340,15): error TS2339: Property 'updateUiFilter' does not exist on type 'Store<"userProfile", { current: any; oms: any; permissions: any; localeOptions: any; locale: string; timeZones: never[]; deviceId: string; uiFilters: any; pwaState: { updateExists: boolean; registration: any; }; }, {}, {}>'.
src/views/Closed.vue(371,15): error TS2339: Property 'updateUiFilter' does not exist on type 'Store<"userProfile", { current: any; oms: any; permissions: any; localeOptions: any; locale: string; timeZones: never[]; deviceId: string; uiFilters: any; pwaState: { updateExists: boolean; registration: any; }; }, {}, {}>'.
src/views/ClosedDetail.vue(96,42): error TS2339: Property 'getDetailPageFilters' does not exist on type 'Store<"userProfile", { current: any; oms: any; permissions: any; localeOptions: any; locale: string; timeZones: never[]; deviceId: string; uiFilters: any; pwaState: { updateExists: boolean; registration: any; }; }, {}, {}>'.
src/views/ClosedDetail.vue(392,47): error TS2551: Property 'getFacilities' does not exist on type 'Store<"productStore", { productStores: any[]; currentProductStore: any; statusDesc: any[]; facilities: any[]; currentFacility: any; settings: any; }, {}, {}>'. Did you mean 'facilities'?
src/views/CountProgressReview.vue(27,44): error TS2339: Property 'getStatusDescription' does not exist on type 'Store<"productStore", { productStores: any[]; currentProductStore: any; statusDesc: any[]; facilities: any[]; currentFacility: any; settings: any; }, {}, {}>'.
src/views/CountProgressReview.vue(615,80): error TS2551: Property 'hasPermission' does not exist on type 'Store<"userProfile", { current: any; oms: any; permissions: any; localeOptions: any; locale: string; timeZones: never[]; deviceId: string; uiFilters: any; pwaState: { updateExists: boolean; registration: any; }; }, {}, {}>'. Did you mean 'permissions'?
src/views/CountProgressReview.vue(618,64): error TS2551: Property 'hasPermission' does not exist on type 'Store<"userProfile", { current: any; oms: any; permissions: any; localeOptions: any; locale: string; timeZones: never[]; deviceId: string; uiFilters: any; pwaState: { updateExists: boolean; registration: any; }; }, {}, {}>'. Did you mean 'permissions'?
src/views/CountProgressReview.vue(692,49): error TS2551: Property 'hasPermission' does not exist on type 'Store<"userProfile", { current: any; oms: any; permissions: any; localeOptions: any; locale: string; timeZones: never[]; deviceId: string; uiFilters: any; pwaState: { updateExists: boolean; registration: any; }; }, {}, {}>'. Did you mean 'permissions'?
src/views/CountProgressReview.vue(1195,45): error TS2339: Property 'getUserProfile' does not exist on type 'Store<"userProfile", { current: any; oms: any; permissions: any; localeOptions: any; locale: string; timeZones: never[]; deviceId: string; uiFilters: any; pwaState: { updateExists: boolean; registration: any; }; }, {}, {}>'.
src/views/CountProgressReview.vue(1208,39): error TS2339: Property 'getUserProfile' does not exist on type 'Store<"userProfile", { current: any; oms: any; permissions: any; localeOptions: any; locale: string; timeZones: never[]; deviceId: string; uiFilters: any; pwaState: { updateExists: boolean; registration: any; }; }, {}, {}>'.
src/views/CountProgressReview.vue(1323,39): error TS2339: Property 'getUserProfile' does not exist on type 'Store<"userProfile", { current: any; oms: any; permissions: any; localeOptions: any; locale: string; timeZones: never[]; deviceId: string; uiFilters: any; pwaState: { updateExists: boolean; registration: any; }; }, {}, {}>'.
src/views/PendingReview.vue(98,44): error TS2339: Property 'getListPageFilters' does not exist on type 'Store<"userProfile", { current: any; oms: any; permissions: any; localeOptions: any; locale: string; timeZones: never[]; deviceId: string; uiFilters: any; pwaState: { updateExists: boolean; registration: any; }; }, {}, {}>'.
src/views/PendingReview.vue(103,48): error TS2551: Property 'getFacilities' does not exist on type 'Store<"productStore", { productStores: any[]; currentProductStore: any; statusDesc: any[]; facilities: any[]; currentFacility: any; settings: any; }, {}, {}>'. Did you mean 'facilities'?
src/views/PendingReview.vue(119,15): error TS2339: Property 'updateUiFilter' does not exist on type 'Store<"userProfile", { current: any; oms: any; permissions: any; localeOptions: any; locale: string; timeZones: never[]; deviceId: string; uiFilters: any; pwaState: { updateExists: boolean; registration: any; }; }, {}, {}>'.
src/views/PendingReview.vue(206,15): error TS2339: Property 'updateUiFilter' does not exist on type 'Store<"userProfile", { current: any; oms: any; permissions: any; localeOptions: any; locale: string; timeZones: never[]; deviceId: string; uiFilters: any; pwaState: { updateExists: boolean; registration: any; }; }, {}, {}>'.
src/views/PendingReview.vue(214,46): error TS2551: Property 'getFacilities' does not exist on type 'Store<"productStore", { productStores: any[]; currentProductStore: any; statusDesc: any[]; facilities: any[]; currentFacility: any; settings: any; }, {}, {}>'. Did you mean 'facilities'?
src/views/PendingReviewDetail.vue(118,42): error TS2339: Property 'getDetailPageFilters' does not exist on type 'Store<"userProfile", { current: any; oms: any; permissions: any; localeOptions: any; locale: string; timeZones: never[]; deviceId: string; uiFilters: any; pwaState: { updateExists: boolean; registration: any; }; }, {}, {}>'.
src/views/PendingReviewDetail.vue(1078,40): error TS2551: Property 'getFacilities' does not exist on type 'Store<"productStore", { productStores: any[]; currentProductStore: any; statusDesc: any[]; facilities: any[]; currentFacility: any; settings: any; }, {}, {}>'. Did you mean 'facilities'?
src/views/PendingReviewDetail.vue(1079,27): error TS7006: Parameter 'facility' implicitly has an 'any' type.
src/views/PreCountedItems.vue(414,45): error TS2551: Property 'getCurrentFacility' does not exist on type 'Store<"productStore", { productStores: any[]; currentProductStore: any; statusDesc: any[]; facilities: any[]; currentFacility: any; settings: any; }, {}, {}>'. Did you mean 'currentFacility'?
src/views/PreCountedItems.vue(430,48): error TS2339: Property 'getProductIdentificationValue' does not exist on type 'Store<"productStore", { productStores: any[]; currentProductStore: any; statusDesc: any[]; facilities: any[]; currentFacility: any; settings: any; }, {}, {}>'.
src/views/PreCountedItems.vue(430,115): error TS2339: Property 'getProductIdentificationPref' does not exist on type 'Store<"productStore", { productStores: any[]; currentProductStore: any; statusDesc: any[]; facilities: any[]; currentFacility: any; settings: any; }, {}, {}>'.
src/views/SessionCountDetail.vue(820,49): error TS2551: Property 'hasPermission' does not exist on type 'Store<"userProfile", { current: any; oms: any; permissions: any; localeOptions: any; locale: string; timeZones: never[]; deviceId: string; uiFilters: any; pwaState: { updateExists: boolean; registration: any; }; }, {}, {}>'. Did you mean 'permissions'?
src/views/SessionCountDetail.vue(821,71): error TS2339: Property 'getGoodIdentificationOptions' does not exist on type 'Store<"productStore", { productStores: any[]; currentProductStore: any; statusDesc: any[]; facilities: any[]; currentFacility: any; settings: any; }, {}, {}>'.
src/views/SessionCountDetail.vue(822,64): error TS2339: Property 'getBarcodeIdentificationPref' does not exist on type 'Store<"productStore", { productStores: any[]; currentProductStore: any; statusDesc: any[]; facilities: any[]; currentFacility: any; settings: any; }, {}, {}>'.
src/views/SessionCountDetail.vue(922,26): error TS2339: Property 'getSessionDetailFilters' does not exist on type 'Store<"userProfile", { current: any; oms: any; permissions: any; localeOptions: any; locale: string; timeZones: never[]; deviceId: string; uiFilters: any; pwaState: { updateExists: boolean; registration: any; }; }, {}, {}>'.
src/views/SessionCountDetail.vue(923,39): error TS2339: Property 'updateUiFilter' does not exist on type 'Store<"userProfile", { current: any; oms: any; permissions: any; localeOptions: any; locale: string; timeZones: never[]; deviceId: string; uiFilters: any; pwaState: { updateExists: boolean; registration: any; }; }, {}, {}>'.
src/views/SessionCountDetail.vue(951,26): error TS2339: Property 'getProductIdentificationOptions' does not exist on type 'Store<"productStore", { productStores: any[]; currentProductStore: any; statusDesc: any[]; facilities: any[]; currentFacility: any; settings: any; }, {}, {}>'.
src/views/SessionCountDetail.vue(952,26): error TS2339: Property 'getGoodIdentificationOptions' does not exist on type 'Store<"productStore", { productStores: any[]; currentProductStore: any; statusDesc: any[]; facilities: any[]; currentFacility: any; settings: any; }, {}, {}>'.
src/views/SessionCountDetail.vue(988,53): error TS2339: Property 'getPrimaryId' does not exist on type 'Store<"productStore", { productStores: any[]; currentProductStore: any; statusDesc: any[]; facilities: any[]; currentFacility: any; settings: any; }, {}, {}>'.
src/views/SessionCountDetail.vue(1141,53): error TS2339: Property 'getBarcodeIdentificationPref' does not exist on type 'Store<"productStore", { productStores: any[]; currentProductStore: any; statusDesc: any[]; facilities: any[]; currentFacility: any; settings: any; }, {}, {}>'.
src/views/SessionCountDetail.vue(1152,41): error TS2339: Property 'getUserProfile' does not exist on type 'Store<"userProfile", { current: any; oms: any; permissions: any; localeOptions: any; locale: string; timeZones: never[]; deviceId: string; uiFilters: any; pwaState: { updateExists: boolean; registration: any; }; }, {}, {}>'.
src/views/SessionCountDetail.vue(1157,41): error TS2551: Property 'getCurrentFacility' does not exist on type 'Store<"productStore", { productStores: any[]; currentProductStore: any; statusDesc: any[]; facilities: any[]; currentFacility: any; settings: any; }, {}, {}>'. Did you mean 'currentFacility'?
src/views/SessionCountDetail.vue(1302,39): error TS2551: Property 'getCurrentFacility' does not exist on type 'Store<"productStore", { productStores: any[]; currentProductStore: any; statusDesc: any[]; facilities: any[]; currentFacility: any; settings: any; }, {}, {}>'. Did you mean 'currentFacility'?
src/views/SessionCountDetail.vue(1381,53): error TS2339: Property 'getBarcodeIdentificationPref' does not exist on type 'Store<"productStore", { productStores: any[]; currentProductStore: any; statusDesc: any[]; facilities: any[]; currentFacility: any; settings: any; }, {}, {}>'.
src/views/SessionCountDetail.vue(1467,37): error TS2339: Property 'getUserProfile' does not exist on type 'Store<"userProfile", { current: any; oms: any; permissions: any; localeOptions: any; locale: string; timeZones: never[]; deviceId: string; uiFilters: any; pwaState: { updateExists: boolean; registration: any; }; }, {}, {}>'.
src/views/SessionCountDetail.vue(1469,46): error TS2551: Property 'getDeviceId' does not exist on type 'Store<"userProfile", { current: any; oms: any; permissions: any; localeOptions: any; locale: string; timeZones: never[]; deviceId: string; uiFilters: any; pwaState: { updateExists: boolean; registration: any; }; }, {}, {}>'. Did you mean 'deviceId'?
src/views/SessionCountDetail.vue(1613,32): error TS2339: Property 'getUserProfile' does not exist on type 'Store<"userProfile", { current: any; oms: any; permissions: any; localeOptions: any; locale: string; timeZones: never[]; deviceId: string; uiFilters: any; pwaState: { updateExists: boolean; registration: any; }; }, {}, {}>'.
src/views/SessionCountDetail.vue(1726,35): error TS2339: Property 'getUserProfile' does not exist on type 'Store<"userProfile", { current: any; oms: any; permissions: any; localeOptions: any; locale: string; timeZones: never[]; deviceId: string; uiFilters: any; pwaState: { updateExists: boolean; registration: any; }; }, {}, {}>'.
src/views/SessionCountDetail.vue(1727,35): error TS2551: Property 'getCurrentFacility' does not exist on type 'Store<"productStore", { productStores: any[]; currentProductStore: any; statusDesc: any[]; facilities: any[]; currentFacility: any; settings: any; }, {}, {}>'. Did you mean 'currentFacility'?
src/views/SessionCountDetail.vue(1756,53): error TS2339: Property 'getBarcodeIdentificationPref' does not exist on type 'Store<"productStore", { productStores: any[]; currentProductStore: any; statusDesc: any[]; facilities: any[]; currentFacility: any; settings: any; }, {}, {}>'.
src/views/SessionCountDetail.vue(1761,37): error TS2339: Property 'getUserProfile' does not exist on type 'Store<"userProfile", { current: any; oms: any; permissions: any; localeOptions: any; locale: string; timeZones: never[]; deviceId: string; uiFilters: any; pwaState: { updateExists: boolean; registration: any; }; }, {}, {}>'.
src/views/SessionCountDetail.vue(1766,37): error TS2551: Property 'getCurrentFacility' does not exist on type 'Store<"productStore", { productStores: any[]; currentProductStore: any; statusDesc: any[]; facilities: any[]; currentFacility: any; settings: any; }, {}, {}>'. Did you mean 'currentFacility'?
src/views/Settings.vue(28,61): error TS2551: Property 'hasPermission' does not exist on type 'Store<"userProfile", { current: any; oms: any; permissions: any; localeOptions: any; locale: string; timeZones: never[]; deviceId: string; uiFilters: any; pwaState: { updateExists: boolean; registration: any; }; }, {}, {}>'. Did you mean 'permissions'?
src/views/Settings.vue(33,61): error TS2551: Property 'hasPermission' does not exist on type 'Store<"userProfile", { current: any; oms: any; permissions: any; localeOptions: any; locale: string; timeZones: never[]; deviceId: string; uiFilters: any; pwaState: { updateExists: boolean; registration: any; }; }, {}, {}>'. Did you mean 'permissions'?
src/views/Settings.vue(55,105): error TS2551: Property 'hasPermission' does not exist on type 'Store<"userProfile", { current: any; oms: any; permissions: any; localeOptions: any; locale: string; timeZones: never[]; deviceId: string; uiFilters: any; pwaState: { updateExists: boolean; registration: any; }; }, {}, {}>'. Did you mean 'permissions'?
src/views/Settings.vue(60,50): error TS2551: Property 'hasPermission' does not exist on type 'Store<"userProfile", { current: any; oms: any; permissions: any; localeOptions: any; locale: string; timeZones: never[]; deviceId: string; uiFilters: any; pwaState: { updateExists: boolean; registration: any; }; }, {}, {}>'. Did you mean 'permissions'?
src/views/Settings.vue(61,42): error TS2551: Property 'hasPermission' does not exist on type 'Store<"userProfile", { current: any; oms: any; permissions: any; localeOptions: any; locale: string; timeZones: never[]; deviceId: string; uiFilters: any; pwaState: { updateExists: boolean; registration: any; }; }, {}, {}>'. Did you mean 'permissions'?
src/views/Settings.vue(97,50): error TS2551: Property 'hasPermission' does not exist on type 'Store<"userProfile", { current: any; oms: any; permissions: any; localeOptions: any; locale: string; timeZones: never[]; deviceId: string; uiFilters: any; pwaState: { updateExists: boolean; registration: any; }; }, {}, {}>'. Did you mean 'permissions'?
src/views/Settings.vue(102,63): error TS2551: Property 'hasPermission' does not exist on type 'Store<"userProfile", { current: any; oms: any; permissions: any; localeOptions: any; locale: string; timeZones: never[]; deviceId: string; uiFilters: any; pwaState: { updateExists: boolean; registration: any; }; }, {}, {}>'. Did you mean 'permissions'?
src/views/Settings.vue(116,63): error TS2551: Property 'hasPermission' does not exist on type 'Store<"userProfile", { current: any; oms: any; permissions: any; localeOptions: any; locale: string; timeZones: never[]; deviceId: string; uiFilters: any; pwaState: { updateExists: boolean; registration: any; }; }, {}, {}>'. Did you mean 'permissions'?
src/views/Settings.vue(117,118): error TS2339: Property 'getBarcodeIdentificationPref' does not exist on type 'Store<"productStore", { productStores: any[]; currentProductStore: any; statusDesc: any[]; facilities: any[]; currentFacility: any; settings: any; }, {}, {}>'.
src/views/Settings.vue(117,197): error TS2339: Property 'getBarcodeIdentificationPref' does not exist on type 'Store<"productStore", { productStores: any[]; currentProductStore: any; statusDesc: any[]; facilities: any[]; currentFacility: any; settings: any; }, {}, {}>'.
src/views/Settings.vue(252,53): error TS2339: Property 'getUserProfile' does not exist on type 'Store<"userProfile", { current: any; oms: any; permissions: any; localeOptions: any; locale: string; timeZones: never[]; deviceId: string; uiFilters: any; pwaState: { updateExists: boolean; registration: any; }; }, {}, {}>'.
src/views/Settings.vue(253,53): error TS2551: Property 'getProductStores' does not exist on type 'Store<"productStore", { productStores: any[]; currentProductStore: any; statusDesc: any[]; facilities: any[]; currentFacility: any; settings: any; }, {}, {}>'. Did you mean 'productStores'?
src/views/Settings.vue(254,59): error TS2551: Property 'getCurrentProductStore' does not exist on type 'Store<"productStore", { productStores: any[]; currentProductStore: any; statusDesc: any[]; facilities: any[]; currentFacility: any; settings: any; }, {}, {}>'. Did you mean 'currentProductStore'?
src/views/Settings.vue(255,68): error TS2339: Property 'getProductIdentificationPref' does not exist on type 'Store<"productStore", { productStores: any[]; currentProductStore: any; statusDesc: any[]; facilities: any[]; currentFacility: any; settings: any; }, {}, {}>'.
src/views/Settings.vue(256,71): error TS2339: Property 'getProductIdentificationOptions' does not exist on type 'Store<"productStore", { productStores: any[]; currentProductStore: any; statusDesc: any[]; facilities: any[]; currentFacility: any; settings: any; }, {}, {}>'.
src/views/Settings.vue(259,27): error TS2551: Property 'getSettings' does not exist on type 'Store<"productStore", { productStores: any[]; currentProductStore: any; statusDesc: any[]; facilities: any[]; currentFacility: any; settings: any; }, {}, {}>'. Did you mean 'settings'?
src/views/Settings.vue(259,57): error TS2551: Property 'getCurrentProductStore' does not exist on type 'Store<"productStore", { productStores: any[]; currentProductStore: any; statusDesc: any[]; facilities: any[]; currentFacility: any; settings: any; }, {}, {}>'. Did you mean 'currentProductStore'?
src/views/Settings.vue(260,27): error TS2339: Property 'prepareProductIdentifierOptions' does not exist on type 'Store<"productStore", { productStores: any[]; currentProductStore: any; statusDesc: any[]; facilities: any[]; currentFacility: any; settings: any; }, {}, {}>'.
src/views/Settings.vue(261,27): error TS2339: Property 'getDxpIdentificationPref' does not exist on type 'Store<"productStore", { productStores: any[]; currentProductStore: any; statusDesc: any[]; facilities: any[]; currentFacility: any; settings: any; }, {}, {}>'.
src/views/Settings.vue(281,65): error TS2339: Property 'getGoodIdentificationOptions' does not exist on type 'Store<"productStore", { productStores: any[]; currentProductStore: any; statusDesc: any[]; facilities: any[]; currentFacility: any; settings: any; }, {}, {}>'.
src/views/Settings.vue(284,21): error TS2339: Property 'setProductStoreSetting' does not exist on type 'Store<"productStore", { productStores: any[]; currentProductStore: any; statusDesc: any[]; facilities: any[]; currentFacility: any; settings: any; }, {}, {}>'.
src/views/Settings.vue(284,98): error TS2551: Property 'getCurrentProductStore' does not exist on type 'Store<"productStore", { productStores: any[]; currentProductStore: any; statusDesc: any[]; facilities: any[]; currentFacility: any; settings: any; }, {}, {}>'. Did you mean 'currentProductStore'?
src/views/Settings.vue(289,27): error TS2339: Property 'setEComStorePreference' does not exist on type 'Store<"productStore", { productStores: any[]; currentProductStore: any; statusDesc: any[]; facilities: any[]; currentFacility: any; settings: any; }, {}, {}>'.
src/views/Settings.vue(293,21): error TS2339: Property 'setDxpProductIdentificationPref' does not exist on type 'Store<"productStore", { productStores: any[]; currentProductStore: any; statusDesc: any[]; facilities: any[]; currentFacility: any; settings: any; }, {}, {}>'.
src/views/StorePermissions.vue(273,22): error TS2551: Property 'getSettings' does not exist on type 'Store<"productStore", { productStores: any[]; currentProductStore: any; statusDesc: any[]; facilities: any[]; currentFacility: any; settings: any; }, {}, {}>'. Did you mean 'settings'?
src/views/StorePermissions.vue(273,47): error TS2551: Property 'getCurrentProductStore' does not exist on type 'Store<"productStore", { productStores: any[]; currentProductStore: any; statusDesc: any[]; facilities: any[]; currentFacility: any; settings: any; }, {}, {}>'. Did you mean 'currentProductStore'?
src/views/Tabs.vue(10,48): error TS2551: Property 'hasPermission' does not exist on type 'Store<"userProfile", { current: any; oms: any; permissions: any; localeOptions: any; locale: string; timeZones: never[]; deviceId: string; uiFilters: any; pwaState: { updateExists: boolean; registration: any; }; }, {}, {}>'. Did you mean 'permissions'?
src/views/Variance.vue(482,58): error TS2551: Property 'getCurrentFacility' does not exist on type 'Store<"productStore", { productStores: any[]; currentProductStore: any; statusDesc: any[]; facilities: any[]; currentFacility: any; settings: any; }, {}, {}>'. Did you mean 'currentFacility'?
src/views/Variance.vue(614,71): error TS2339: Property 'getGoodIdentificationOptions' does not exist on type 'Store<"productStore", { productStores: any[]; currentProductStore: any; statusDesc: any[]; facilities: any[]; currentFacility: any; settings: any; }, {}, {}>'.
src/views/Variance.vue(615,64): error TS2339: Property 'getBarcodeIdentificationPref' does not exist on type 'Store<"productStore", { productStores: any[]; currentProductStore: any; statusDesc: any[]; facilities: any[]; currentFacility: any; settings: any; }, {}, {}>'.
src/views/Variance.vue(676,51): error TS2339: Property 'getBarcodeIdentificationPref' does not exist on type 'Store<"productStore", { productStores: any[]; currentProductStore: any; statusDesc: any[]; facilities: any[]; currentFacility: any; settings: any; }, {}, {}>'.
src/views/Variance.vue(685,39): error TS2339: Property 'getUserProfile' does not exist on type 'Store<"userProfile", { current: any; oms: any; permissions: any; localeOptions: any; locale: string; timeZones: never[]; deviceId: string; uiFilters: any; pwaState: { updateExists: boolean; registration: any; }; }, {}, {}>'.
src/views/Variance.vue(689,39): error TS2551: Property 'getCurrentFacility' does not exist on type 'Store<"productStore", { productStores: any[]; currentProductStore: any; statusDesc: any[]; facilities: any[]; currentFacility: any; settings: any; }, {}, {}>'. Did you mean 'currentFacility'?
src/views/Variance.vue(893,39): error TS2339: Property 'getUserProfile' does not exist on type 'Store<"userProfile", { current: any; oms: any; permissions: any; localeOptions: any; locale: string; timeZones: never[]; deviceId: string; uiFilters: any; pwaState: { updateExists: boolean; registration: any; }; }, {}, {}>'.
src/views/Variance.vue(896,50): error TS2339: Property 'getBarcodeIdentificationPref' does not exist on type 'Store<"productStore", { productStores: any[]; currentProductStore: any; statusDesc: any[]; facilities: any[]; currentFacility: any; settings: any; }, {}, {}>'.
src/views/Variance.vue(897,39): error TS2551: Property 'getCurrentFacility' does not exist on type 'Store<"productStore", { productStores: any[]; currentProductStore: any; statusDesc: any[]; facilities: any[]; currentFacility: any; settings: any; }, {}, {}>'. Did you mean 'currentFacility'?
src/views/Variance.vue(938,35): error TS2339: Property 'getUserProfile' does not exist on type 'Store<"userProfile", { current: any; oms: any; permissions: any; localeOptions: any; locale: string; timeZones: never[]; deviceId: string; uiFilters: any; pwaState: { updateExists: boolean; registration: any; }; }, {}, {}>'.
src/views/Variance.vue(986,35): error TS2339: Property 'getUserProfile' does not exist on type 'Store<"userProfile", { current: any; oms: any; permissions: any; localeOptions: any; locale: string; timeZones: never[]; deviceId: string; uiFilters: any; pwaState: { updateExists: boolean; registration: any; }; }, {}, {}>'.
src/views/Variance.vue(1073,45): error TS2551: Property 'getCurrentFacility' does not exist on type 'Store<"productStore", { productStores: any[]; currentProductStore: any; statusDesc: any[]; facilities: any[]; currentFacility: any; settings: any; }, {}, {}>'. Did you mean 'currentFacility'?
